10:54:56.188 [main] INFO  testCases.TC001_AccountRegistrationTest - Clicked on MyAccount Link
10:54:56.664 [main] INFO  testCases.TC001_AccountRegistrationTest - Clicked on Register Link
10:54:56.665 [main] INFO  testCases.TC001_AccountRegistrationTest - Providing Customer details
10:54:57.622 [main] INFO  testCases.TC001_AccountRegistrationTest - Validating expected message.....
10:54:57.652 [main] INFO  testCases.TC001_AccountRegistrationTest - **********Finished TC001_AccountRegistrationTest ********
10:55:00.181 [main] INFO  testCases.TC002_LoginTest - *****Starting TC002_LoginTest*******
10:55:01.225 [main] INFO  testCases.TC002_LoginTest - ********Finsished TC002_LoginTest******* 
10:57:23.422 [main] DEBUG org.testng.TestNG - suiteXmlPath: "C:\Users\aravinda.a\eclipse-workspace\SeleniumAutomationFramework\grouping.xml"
10:57:23.633 [main] INFO  org.testng.internal.Utils - [TestNG] Running:
  C:\Users\aravinda.a\eclipse-workspace\SeleniumAutomationFramework\grouping.xml

10:57:26.705 [main] INFO  testCases.TC001_AccountRegistrationTest - **********Starting TC001_AccountRegistrationTest ********
10:57:26.787 [main] INFO  testCases.TC001_AccountRegistrationTest - Clicked on MyAccount Link
10:57:27.325 [main] INFO  testCases.TC001_AccountRegistrationTest - Clicked on Register Link
10:57:27.327 [main] INFO  testCases.TC001_AccountRegistrationTest - Providing Customer details
10:57:28.616 [main] INFO  testCases.TC001_AccountRegistrationTest - Validating expected message.....
10:57:28.653 [main] INFO  testCases.TC001_AccountRegistrationTest - **********Finished TC001_AccountRegistrationTest ********
10:57:33.740 [main] INFO  testCases.TC002_LoginTest - *****Starting TC002_LoginTest*******
11:05:14.278 [main] DEBUG org.testng.TestNG - suiteXmlPath: "C:\Users\aravinda.a\eclipse-workspace\SeleniumAutomationFramework\master.xml"
11:05:14.483 [main] INFO  org.testng.internal.Utils - [TestNG] Running:
  C:\Users\aravinda.a\eclipse-workspace\SeleniumAutomationFramework\master.xml

11:05:19.433 [main] INFO  testCases.TC001_AccountRegistrationTest - **********Starting TC001_AccountRegistrationTest ********
11:05:19.516 [main] INFO  testCases.TC001_AccountRegistrationTest - Clicked on MyAccount Link
11:05:20.372 [main] INFO  testCases.TC001_AccountRegistrationTest - Clicked on Register Link
11:05:20.373 [main] INFO  testCases.TC001_AccountRegistrationTest - Providing Customer details
11:05:21.352 [main] INFO  testCases.TC001_AccountRegistrationTest - Validating expected message.....
11:05:21.380 [main] INFO  testCases.TC001_AccountRegistrationTest - **********Finished TC001_AccountRegistrationTest ********
11:05:24.518 [main] INFO  testCases.TC002_LoginTest - *****Starting TC002_LoginTest*******
11:07:43.081 [main] DEBUG org.testng.TestNG - suiteXmlPath: "C:\Users\aravinda.a\eclipse-workspace\SeleniumAutomationFramework\test-output\testng-failed.xml"
11:07:43.269 [main] INFO  org.testng.internal.Utils - [TestNG] Running:
  C:\Users\aravinda.a\eclipse-workspace\SeleniumAutomationFramework\test-output\testng-failed.xml

11:07:46.169 [main] INFO  testCases.TC002_LoginTest - *****Starting TC002_LoginTest*******
11:07:47.189 [main] INFO  testCases.TC002_LoginTest - ********Finsished TC002_LoginTest******* 
11:15:54.316 [main] DEBUG org.testng.TestNG - suiteXmlPath: "C:\Users\aravinda.a\eclipse-workspace\SeleniumAutomationFramework\master.xml"
11:15:54.526 [main] INFO  org.testng.internal.Utils - [TestNG] Running:
  C:\Users\aravinda.a\eclipse-workspace\SeleniumAutomationFramework\master.xml

11:15:57.387 [main] INFO  testCases.TC001_AccountRegistrationTest - **********Starting TC001_AccountRegistrationTest ********
11:15:57.484 [main] INFO  testCases.TC001_AccountRegistrationTest - Clicked on MyAccount Link
11:15:57.972 [main] INFO  testCases.TC001_AccountRegistrationTest - Clicked on Register Link
11:15:57.973 [main] INFO  testCases.TC001_AccountRegistrationTest - Providing Customer details
11:15:58.963 [main] INFO  testCases.TC001_AccountRegistrationTest - Validating expected message.....
11:15:58.993 [main] INFO  testCases.TC001_AccountRegistrationTest - **********Finished TC001_AccountRegistrationTest ********
11:16:01.320 [main] INFO  testCases.TC002_LoginTest - *****Starting TC002_LoginTest*******
11:16:02.473 [main] INFO  testCases.TC002_LoginTest - ********Finsished TC002_LoginTest******* 
11:17:21.092 [main] DEBUG org.testng.TestNG - suiteXmlPath: "C:\Users\aravinda.a\eclipse-workspace\SeleniumAutomationFramework\master.xml"
11:17:21.298 [main] INFO  org.testng.internal.Utils - [TestNG] Running:
  C:\Users\aravinda.a\eclipse-workspace\SeleniumAutomationFramework\master.xml

11:17:24.832 [main] INFO  testCases.TC001_AccountRegistrationTest - **********Starting TC001_AccountRegistrationTest ********
11:17:24.911 [main] INFO  testCases.TC001_AccountRegistrationTest - Clicked on MyAccount Link
11:17:25.514 [main] INFO  testCases.TC001_AccountRegistrationTest - Clicked on Register Link
