20:05:56.509 [main] DEBUG org.testng.TestNG - suiteXmlPath: "C:\Users\aravinda.a\eclipse-workspace\SeleniumAutomationFramework\master.xml"
20:05:56.710 [main] INFO  org.testng.internal.Utils - [TestNG] Running:
  C:\Users\aravinda.a\eclipse-workspace\SeleniumAutomationFramework\master.xml

20:05:59.750 [main] INFO  testCases.TC001_AccountRegistrationTest - **********Starting TC001_AccountRegistrationTest ********
20:05:59.841 [main] INFO  testCases.TC001_AccountRegistrationTest - Clicked on MyAccount Link
20:06:00.342 [main] INFO  testCases.TC001_AccountRegistrationTest - Clicked on Register Link
20:06:00.344 [main] INFO  testCases.TC001_AccountRegistrationTest - Providing Customer details
20:06:01.386 [main] INFO  testCases.TC001_AccountRegistrationTest - Validating expected message.....
20:06:01.417 [main] INFO  testCases.TC001_AccountRegistrationTest - **********Finished TC001_AccountRegistrationTest ********
20:06:03.937 [main] INFO  testCases.TC002_LoginTest - *****Starting TC002_LoginTest*******
20:06:04.985 [main] INFO  testCases.TC002_LoginTest - ********Finsished TC002_LoginTest******* 
20:15:23.138 [main] DEBUG org.testng.TestNG - suiteXmlPath: "C:\Users\aravinda.a\eclipse-workspace\SeleniumAutomationFramework\master.xml"
20:15:23.330 [main] INFO  org.testng.internal.Utils - [TestNG] Running:
  C:\Users\aravinda.a\eclipse-workspace\SeleniumAutomationFramework\master.xml

20:15:26.136 [main] INFO  testCases.TC001_AccountRegistrationTest - **********Starting TC001_AccountRegistrationTest ********
20:15:26.223 [main] INFO  testCases.TC001_AccountRegistrationTest - Clicked on MyAccount Link
20:15:26.688 [main] INFO  testCases.TC001_AccountRegistrationTest - Clicked on Register Link
20:15:26.689 [main] INFO  testCases.TC001_AccountRegistrationTest - Providing Customer details
20:15:27.676 [main] INFO  testCases.TC001_AccountRegistrationTest - Validating expected message.....
20:15:27.709 [main] INFO  testCases.TC001_AccountRegistrationTest - **********Finished TC001_AccountRegistrationTest ********
20:15:30.261 [main] INFO  testCases.TC002_LoginTest - *****Starting TC002_LoginTest*******
20:15:31.334 [main] INFO  testCases.TC002_LoginTest - ********Finsished TC002_LoginTest******* 
20:21:26.814 [main] DEBUG org.testng.TestNG - suiteXmlPath: "C:\Users\aravinda.a\eclipse-workspace\SeleniumAutomationFramework\master.xml"
20:21:27.011 [main] INFO  org.testng.internal.Utils - [TestNG] Running:
  C:\Users\aravinda.a\eclipse-workspace\SeleniumAutomationFramework\master.xml

20:22:04.177 [main] DEBUG org.testng.TestNG - suiteXmlPath: "C:\Users\aravinda.a\eclipse-workspace\SeleniumAutomationFramework\master.xml"
20:22:04.376 [main] INFO  org.testng.internal.Utils - [TestNG] Running:
  C:\Users\aravinda.a\eclipse-workspace\SeleniumAutomationFramework\master.xml

20:22:44.977 [main] DEBUG org.testng.TestNG - suiteXmlPath: "C:\Users\aravinda.a\eclipse-workspace\SeleniumAutomationFramework\master.xml"
20:22:45.163 [main] INFO  org.testng.internal.Utils - [TestNG] Running:
  C:\Users\aravinda.a\eclipse-workspace\SeleniumAutomationFramework\master.xml

20:22:47.824 [main] INFO  testCases.TC001_AccountRegistrationTest - **********Starting TC001_AccountRegistrationTest ********
20:22:47.908 [main] INFO  testCases.TC001_AccountRegistrationTest - Clicked on MyAccount Link
20:22:48.290 [main] INFO  testCases.TC001_AccountRegistrationTest - Clicked on Register Link
20:22:48.293 [main] INFO  testCases.TC001_AccountRegistrationTest - Providing Customer details
20:22:49.302 [main] INFO  testCases.TC001_AccountRegistrationTest - Validating expected message.....
20:22:49.331 [main] INFO  testCases.TC001_AccountRegistrationTest - **********Finished TC001_AccountRegistrationTest ********
20:22:51.794 [main] INFO  testCases.TC002_LoginTest - *****Starting TC002_LoginTest*******
20:22:52.788 [main] INFO  testCases.TC002_LoginTest - ********Finsished TC002_LoginTest******* 
20:23:25.320 [main] DEBUG org.testng.TestNG - suiteXmlPath: "C:\Users\aravinda.a\eclipse-workspace\SeleniumAutomationFramework\master.xml"
20:23:25.519 [main] INFO  org.testng.internal.Utils - [TestNG] Running:
  C:\Users\aravinda.a\eclipse-workspace\SeleniumAutomationFramework\master.xml

20:23:30.421 [main] INFO  testCases.TC001_AccountRegistrationTest - **********Starting TC001_AccountRegistrationTest ********
20:23:30.506 [main] INFO  testCases.TC001_AccountRegistrationTest - Clicked on MyAccount Link
20:23:31.327 [main] INFO  testCases.TC001_AccountRegistrationTest - Clicked on Register Link
20:23:31.328 [main] INFO  testCases.TC001_AccountRegistrationTest - Providing Customer details
20:23:32.294 [main] INFO  testCases.TC001_AccountRegistrationTest - Validating expected message.....
20:23:32.325 [main] INFO  testCases.TC001_AccountRegistrationTest - **********Finished TC001_AccountRegistrationTest ********
20:23:34.882 [main] INFO  testCases.TC002_LoginTest - *****Starting TC002_LoginTest*******
20:23:36.146 [main] INFO  testCases.TC002_LoginTest - ********Finsished TC002_LoginTest******* 
